Слишком старый документ. Created=30.11.1999 0:00:00 